
--- [PERSISTOR OUTPUT] ---
{
  "run_id": "Path=/app/projects/ml/runs/001_gradboost_opt_run_0001 with ID: 1",
  "component_results": [
    {
      "component_id": "ml_runner",
      "runcontext_summary.config.modeltype": "gradient_boosting",
      "runcontext_summary.config.config.n_estimators": 300,
      "runcontext_summary.config.config.learning_rate": 0.05,
      "runcontext_summary.config.config.max_depth": 5,
      "runcontext_summary.config.write_artifact": true,
      "runcontext_summary.run_id": 1
    },
    {
      "component_id": "sklearn_metrics",
      "outputs_summary.results.accuracy": 0.7402597402597403,
      "outputs_summary.results.precision": 0.6458333333333334,
      "outputs_summary.results.recall": 0.5740740740740741,
      "outputs_summary.results.f1": 0.6078431372549019,
      "outputs_summary.results.roc_auc_score": 0.702037037037037,
      "outputs_summary.results.log_loss": 9.361987893277181,
      "outputs_summary.results.balanced_accuracy_score": 0.702037037037037
    }
  ],
  "created_at": "2026-04-26T17:55:21.054966"
}
--- [END OUTPUT] ---

